bcbp: Invalid data format:
  boarding pass data:
  | "M1DESMARAIS/LUC       EABC123 YULFRAAC 0834 367J001A0025 100"
  |                                              ^ got "367"
  |
  = reason: data for "Date of Flight (Julian Date)" must be 3 digits with leading zeroes with maximum value of 365 (366 for leap years)
