bcbp: Invalid data format:
  boarding pass data:
  | "M1DESMARAIS/LUC       EABC123 YULFRAAC 0834 ABCJ001A0025 100"
  |                                              ^ got "ABC"
  |
  = reason: data for "Date of Flight (Julian Date)" must be 3 digits with leading zeroes with maximum value of 365 (366 for leap years)
