bcbp: Unexpected end of input:
  boarding pass data:
  | "M1DESMARAIS/LUC       EABC123 YULFRAAC 0834 326J001A0025 100^164GIWVC5EH7JNT684FVNJ91W2QA4DVN5J8K4F0L0GEQ3DF5TGBN8709HKT5D3DW3GBHFCVHMY7J5T6HFR41W2QA4DVN5J8K4F0L0G"
  |                                                                  ^ got "99" character(s)
  |
  = reason: "Length of Security data" must have at least 100 character(s)
