bcbp: Unexpected end of input:
  boarding pass data:
  | "M1DESMARAIS/LUC       EABC123 YULFRAAC 0834 326J001A0025 104>501"
  |                                                                  ^ got "0" character(s)
  |
  = reason: "Field Size of following structured message - unique" must have at least 1 character(s)
